#
# There is insufficient memory for the Java Runtime Environment to continue.
# Native memory allocation (mmap) failed to map 123731968 bytes. Error detail: G1 virtual space
# Possible reasons:
#   The system is out of physical RAM or swap space
#   This process is running with CompressedOops enabled, and the Java Heap may be blocking the growth of the native heap
# Possible solutions:
#   Reduce memory load on the system
#   Increase physical memory or swap space
#   Check if swap backing store is full
#   Decrease Java heap size (-Xmx/-Xms)
#   Decrease number of Java threads
#   Decrease Java thread stack sizes (-Xss)
#   Set larger code cache with -XX:ReservedCodeCacheSize=
#   JVM is running with Unscaled Compressed Oops mode in which the Java heap is
#     placed in the first 4GB address space. The Java Heap base address is the
#     maximum limit for the native heap growth. Please use -XX:HeapBaseMinAddress
#     to set the Java Heap base and to place the Java Heap above 4GB virtual address.
# This output file may be truncated or incomplete.
#
#  Out of Memory Error (os_windows.cpp:3898), pid=34472, tid=22824
#
# JRE version:  (21.0.6) (build )
# Java VM: OpenJDK 64-Bit Server VM (21.0.6+-13368085-b895.109, mixed mode, sharing, tiered, compressed oops, compressed class ptrs, g1 gc, windows-amd64)
# No core dump will be written. Minidumps are not enabled by default on client versions of Windows
#

---------------  S U M M A R Y ------------

Command Line: 

Host: AMD Ryzen 5 5625U with Radeon Graphics         , 12 cores, 7G,  Windows 11 , 64 bit Build 26100 (10.0.26100.4202)
Time: Wed Jun 18 00:37:59 2025 E. Africa Standard Time elapsed time: 1.378271 seconds (0d 0h 0m 1s)

---------------  T H R E A D  ---------------

Current thread (0x000001ef71f12670):  JavaThread "Unknown thread" [_thread_in_vm, id=22824, stack(0x0000004ea3500000,0x0000004ea3600000) (1024K)]

Stack: [0x0000004ea3500000,0x0000004ea3600000]
Native frames: (J=compiled Java code, j=interpreted, Vv=VM code, C=native code)
V  [jvm.dll+0x6d0639]
V  [jvm.dll+0x85eb03]
V  [jvm.dll+0x86105e]
V  [jvm.dll+0x861743]
V  [jvm.dll+0x27e6e6]
V  [jvm.dll+0x6ccfd5]
V  [jvm.dll+0x6c0a8a]
V  [jvm.dll+0x35537b]
V  [jvm.dll+0x35cfd6]
V  [jvm.dll+0x3aef86]
V  [jvm.dll+0x3af258]
V  [jvm.dll+0x327a2c]
V  [jvm.dll+0x32871b]
V  [jvm.dll+0x826549]
V  [jvm.dll+0x3bc158]
V  [jvm.dll+0x80f7f8]
V  [jvm.dll+0x45035e]
V  [jvm.dll+0x451ac1]
C  [jli.dll+0x52ab]
C  [ucrtbase.dll+0x37b0]
C  [KERNEL32.DLL+0x2e8d7]
C  [ntdll.dll+0x3c34c]


---------------  P R O C E S S  ---------------

Threads class SMR info:
_java_thread_list=0x00007fff0a471848, length=0, elements={
}

Java Threads: ( => current thread )
Total: 0

Other Threads:
  0x000001ef7442a950 WorkerThread "GC Thread#0"                     [id=36596, stack(0x0000004ea3600000,0x0000004ea3700000) (1024K)]
  0x000001ef7443acc0 ConcurrentGCThread "G1 Main Marker"            [id=14944, stack(0x0000004ea3700000,0x0000004ea3800000) (1024K)]
  0x000001ef7443c600 WorkerThread "G1 Conc#0"                       [id=35428, stack(0x0000004ea3800000,0x0000004ea3900000) (1024K)]

[error occurred during error reporting (printing all threads), id 0xc0000005, EXCEPTION_ACCESS_VIOLATION (0xc0000005) at pc=0x00007fff09c6aa87]
VM state: not at safepoint (not fully initialized)

VM Mutex/Monitor currently owned by a thread:  ([mutex/lock_event])
[0x00007fff0a4de4a0] Heap_lock - owner thread: 0x000001ef71f12670

Heap address: 0x000000008a400000, size: 1884 MB, Compressed Oops mode: 32-bit

CDS archive(s) mapped at: [0x0000000000000000-0x0000000000000000-0x0000000000000000), size 0, SharedBaseAddress: 0x0000000800000000, ArchiveRelocationMode: 1.
Narrow klass base: 0x0000000000000000, Narrow klass shift: 0, Narrow klass range: 0x0

GC Precious Log:
 CardTable entry size: 512
 Card Set container configuration: InlinePtr #cards 5 size 8 Array Of Cards #cards 12 size 40 Howl #buckets 4 coarsen threshold 1843 Howl Bitmap #cards 512 size 80 coarsen threshold 460 Card regions per heap region 1 cards per card region 2048

Heap:
 garbage-first heap   total 0K, used 0K [0x000000008a400000, 0x0000000100000000)
  region size 1024K, 0 young (0K), 0 survivors (0K)
 Metaspace       used 0K, committed 0K, reserved 0K
  class space    used 0K, committed 0K, reserved 0K

Heap Regions: E=young(eden), S=young(survivor), O=old, HS=humongous(starts), HC=humongous(continues), CS=collection set, F=free, TAMS=top-at-mark-start, PB=parsable bottom

Card table byte_map: [0x000001ef77e30000,0x000001ef781e0000] _byte_map_base: 0x000001ef779de000

Marking Bits: (CMBitMap*) 0x000001ef7442b050
 Bits: [0x000001ef781e0000, 0x000001ef79f50000)

GC Heap History (0 events):
No events

Dll operation events (1 events):
Event: 0.013 Loaded shared library C:\Program Files\Android\Android Studio\jbr\bin\java.dll

Deoptimization events (0 events):
No events

Classes loaded (0 events):
No events

Classes unloaded (0 events):
No events

Classes redefined (0 events):
No events

Internal exceptions (0 events):
No events

ZGC Phase Switch (0 events):
No events

VM Operations (0 events):
No events

Memory protections (0 events):
No events

Nmethod flushes (0 events):
No events

Events (0 events):
No events


Dynamic libraries:
0x00007ff7b1790000 - 0x00007ff7b179a000 	C:\Program Files\Android\Android Studio\jbr\bin\java.EXE
0x00007fff8cbc0000 - 0x00007fff8ce25000 	C:\WINDOWS\SYSTEM32\ntdll.dll
0x00007fff8b3b0000 - 0x00007fff8b479000 	C:\WINDOWS\System32\KERNEL32.DLL
0x00007fff89da0000 - 0x00007fff8a188000 	C:\WINDOWS\System32\KERNELBASE.dll
0x00007fff8a2e0000 - 0x00007fff8a42b000 	C:\WINDOWS\System32\ucrtbase.dll
0x00007fff611b0000 - 0x00007fff611c8000 	C:\Program Files\Android\Android Studio\jbr\bin\jli.dll
0x00007fff7ad90000 - 0x00007fff7adab000 	C:\Program Files\Android\Android Studio\jbr\bin\VCRUNTIME140.dll
0x00007fff8b1b0000 - 0x00007fff8b37a000 	C:\WINDOWS\System32\USER32.dll
0x00007fff8a5b0000 - 0x00007fff8a5d7000 	C:\WINDOWS\System32\win32u.dll
0x00007fff6f930000 - 0x00007fff6fbca000 	C:\WINDOWS\WinSxS\amd64_microsoft.windows.common-controls_6595b64144ccf1df_6.0.26100.4202_none_3e0698d4e335f517\COMCTL32.dll
0x00007fff8c450000 - 0x00007fff8c4f9000 	C:\WINDOWS\System32\msvcrt.dll
0x00007fff8b380000 - 0x00007fff8b3ab000 	C:\WINDOWS\System32\GDI32.dll
0x00007fff8a760000 - 0x00007fff8a897000 	C:\WINDOWS\System32\gdi32full.dll
0x00007fff8a190000 - 0x00007fff8a233000 	C:\WINDOWS\System32\msvcp_win.dll
0x00007fff8c590000 - 0x00007fff8c5c0000 	C:\WINDOWS\System32\IMM32.DLL
0x00007fff85060000 - 0x00007fff8506c000 	C:\Program Files\Android\Android Studio\jbr\bin\vcruntime140_1.dll
0x00007fff4df80000 - 0x00007fff4e00d000 	C:\Program Files\Android\Android Studio\jbr\bin\msvcp140.dll
0x00007fff09930000 - 0x00007fff0a5bb000 	C:\Program Files\Android\Android Studio\jbr\bin\server\jvm.dll
0x00007fff8b9d0000 - 0x00007fff8ba83000 	C:\WINDOWS\System32\ADVAPI32.dll
0x00007fff8c740000 - 0x00007fff8c7e6000 	C:\WINDOWS\System32\sechost.dll
0x00007fff8b5c0000 - 0x00007fff8b6d5000 	C:\WINDOWS\System32\RPCRT4.dll
0x00007fff8b530000 - 0x00007fff8b5a4000 	C:\WINDOWS\System32\WS2_32.dll
0x00007fff89b60000 - 0x00007fff89bbe000 	C:\WINDOWS\SYSTEM32\POWRPROF.dll
0x00007fff83110000 - 0x00007fff8311b000 	C:\WINDOWS\SYSTEM32\VERSION.dll
0x00007fff81bb0000 - 0x00007fff81be5000 	C:\WINDOWS\SYSTEM32\WINMM.dll
0x00007fff89b40000 - 0x00007fff89b54000 	C:\WINDOWS\SYSTEM32\UMPDC.dll
0x00007fff88a30000 - 0x00007fff88a4b000 	C:\WINDOWS\SYSTEM32\kernel.appcore.dll
0x00007fff7bfa0000 - 0x00007fff7bfaa000 	C:\Program Files\Android\Android Studio\jbr\bin\jimage.dll
0x00007fff7df60000 - 0x00007fff7e1a1000 	C:\WINDOWS\SYSTEM32\DBGHELP.DLL
0x00007fff8c7f0000 - 0x00007fff8cb75000 	C:\WINDOWS\System32\combase.dll
0x00007fff8b0c0000 - 0x00007fff8b1a1000 	C:\WINDOWS\System32\OLEAUT32.dll
0x00007fff6f8f0000 - 0x00007fff6f929000 	C:\WINDOWS\SYSTEM32\dbgcore.DLL
0x00007fff8a240000 - 0x00007fff8a2d9000 	C:\WINDOWS\System32\bcryptPrimitives.dll
0x00007fff7ad70000 - 0x00007fff7ad90000 	C:\Program Files\Android\Android Studio\jbr\bin\java.dll

dbghelp: loaded successfully - version: 4.0.5 - missing functions: none
symbol engine: initialized successfully - sym options: 0x614 - pdb path: .;C:\Program Files\Android\Android Studio\jbr\bin;C:\WINDOWS\SYSTEM32;C:\WINDOWS\WinSxS\amd64_microsoft.windows.common-controls_6595b64144ccf1df_6.0.26100.4202_none_3e0698d4e335f517;C:\Program Files\Android\Android Studio\jbr\bin\server

VM Arguments:
java_command: <unknown>
java_class_path (initial): <not set>
Launcher Type: SUN_STANDARD

[Global flags]
     intx CICompilerCount                          = 4                                         {product} {ergonomic}
     uint ConcGCThreads                            = 3                                         {product} {ergonomic}
     uint G1ConcRefinementThreads                  = 10                                        {product} {ergonomic}
   size_t G1HeapRegionSize                         = 1048576                                   {product} {ergonomic}
    uintx GCDrainStackTargetSize                   = 64                                        {product} {ergonomic}
   size_t InitialHeapSize                          = 123731968                                 {product} {ergonomic}
   size_t MarkStackSize                            = 4194304                                   {product} {ergonomic}
   size_t MaxHeapSize                              = 1975517184                                {product} {ergonomic}
   size_t MinHeapDeltaBytes                        = 1048576                                   {product} {ergonomic}
   size_t MinHeapSize                              = 8388608                                   {product} {ergonomic}
    uintx NonNMethodCodeHeapSize                   = 5839372                                {pd product} {ergonomic}
    uintx NonProfiledCodeHeapSize                  = 122909434                              {pd product} {ergonomic}
    uintx ProfiledCodeHeapSize                     = 122909434                              {pd product} {ergonomic}
    uintx ReservedCodeCacheSize                    = 251658240                              {pd product} {ergonomic}
     bool SegmentedCodeCache                       = true                                      {product} {ergonomic}
   size_t SoftMaxHeapSize                          = 1975517184                             {manageable} {ergonomic}
     bool UseCompressedOops                        = true                           {product lp64_product} {ergonomic}
     bool UseG1GC                                  = true                                      {product} {ergonomic}
     bool UseLargePagesIndividualAllocation        = false                                  {pd product} {ergonomic}

Logging:
Log output configuration:
 #0: stdout all=warning uptime,level,tags foldmultilines=false
 #1: stderr all=off uptime,level,tags foldmultilines=false

Environment Variables:
PATH=C:\Users\wanjo\OneDrive\ICS 3.1\CS PROJECT\flutter\bin\;c:\Users\wanjo\AppData\Local\Programs\cursor\resources\app\bin;C:\Program Files\Common Files\Oracle\Java\javapath;C:\Users\wanjo\OneDrive - Strathmore University\Web Applications\Portfolio;C:\WINDOWS\system32;C:\WINDOWS;C:\WINDOWS\System32\Wbem;C:\WINDOWS\System32\WindowsPowerShell\v1.0\;C:\WINDOWS\System32\OpenSSH\;C:\Program Files\RedHat\java-1.8.0-openjdk-1.8.0.412-1\bin;C:\Program Files\RedHat\java-1.8.0-openjdk-1.8.0.412-1\jre\bin;C:\Program Files\Git\cmd;C:\Program Files\nodejs\;C:\ProgramData\Microsoft\Windows\Start Menu\Programs\MySQL\MySQL Server 8.0;C:\ProgramData\Microsoft\Windows\Start Menu\Programs\MySQL;C:\ProgramData\Microsoft\Windows\Start Menu\Programs\MySQL\MySQL Workbench 8.0 CE.lnk;C:\ProgramData\Microsoft\Windows\Start Menu\Programs\MySQL\MySQL Server 8.0\MySQL 8.0 Command Line Client.lnk;C:\Users\wanjo\OneDrive\Desktop\MongoDBCompass.lnk;C:\Program Files\MongoDB\Server\6.0\bin;C:\Users\wanjo\AppData\Local\Microsoft\WindowsApps;C:\Users\wanjo\AppData\Local\Microsoft\WinGet\Packages\Schniz;C:\Users\wanjo\AppData\Local\Microsoft\WindowsApps;C:\Users\wanjo\AppData\Local\Programs\Microsoft VS Code\bin;C:\Users\wanjo\AppData\Local\Microsoft\WinGet\Packages\Schniz.fnm_Microsoft.Winget.Source_8wekyb3d8bbwe;C:\Users\wanjo\AppData\Local\GitHubDesktop\bin;C:\Users\wanjo\AppData\Roaming\npm;C:\Users\wanjo\AppData\Local\Programs\mongosh\;C:\Users\wanjo\AppData\Local\Programs\cursor\resources\app\bin;C:\Users\wanjo\OneDrive\ICS 3.1\CS PROJECT\flutter\bin
USERNAME=wanjo
LANG=en_US.UTF-8
OS=Windows_NT
PROCESSOR_IDENTIFIER=AMD64 Family 25 Model 80 Stepping 0, AuthenticAMD
TMP=C:\Users\wanjo\AppData\Local\Temp
TEMP=C:\Users\wanjo\AppData\Local\Temp




Periodic native trim disabled

JNI global refs:
JNI global refs: 0, weak refs: 0

JNI global refs memory usage: 0, weak refs: 0

Process memory usage:
Resident Set Size: 12572K (0% of 7711748K total physical memory with 585356K free physical memory)

OOME stack traces (most recent first):
Classloader memory used:

---------------  S Y S T E M  ---------------

OS:
 Windows 11 , 64 bit Build 26100 (10.0.26100.4202)
OS uptime: 6 days 6:52 hours
Hyper-V role detected

CPU: total 12 (initial active 12) (12 cores per cpu, 2 threads per core) family 25 model 80 stepping 0 microcode 0xa500011, cx8, cmov, fxsr, ht, mmx, 3dnowpref, sse, sse2, sse3, ssse3, sse4a, sse4.1, sse4.2, popcnt, lzcnt, tsc, tscinvbit, avx, avx2, aes, erms, clmul, bmi1, bmi2, adx, sha, fma, vzeroupper, clflush, clflushopt, hv, rdtscp, rdpid, fsrm, f16c, cet_ss
Processor Information for processor 0
  Max Mhz: 2301, Current Mhz: 1904, Mhz Limit: 2301
Processor Information for processor 1
  Max Mhz: 2301, Current Mhz: 1904, Mhz Limit: 2301
Processor Information for processor 2
  Max Mhz: 2301, Current Mhz: 1798, Mhz Limit: 2301
Processor Information for processor 3
  Max Mhz: 2301, Current Mhz: 1798, Mhz Limit: 2301
Processor Information for processor 4
  Max Mhz: 2301, Current Mhz: 1904, Mhz Limit: 2301
Processor Information for processor 5
  Max Mhz: 2301, Current Mhz: 1904, Mhz Limit: 2301
Processor Information for processor 6
  Max Mhz: 2301, Current Mhz: 1904, Mhz Limit: 2301
Processor Information for processor 7
  Max Mhz: 2301, Current Mhz: 1904, Mhz Limit: 2301
Processor Information for processor 8
  Max Mhz: 2301, Current Mhz: 1798, Mhz Limit: 2301
Processor Information for processor 9
  Max Mhz: 2301, Current Mhz: 1798, Mhz Limit: 2301
Processor Information for processor 10
  Max Mhz: 2301, Current Mhz: 1904, Mhz Limit: 2301
Processor Information for processor 11
  Max Mhz: 2301, Current Mhz: 1904, Mhz Limit: 2301

Memory: 4k page, system-wide physical 7531M (571M free)
TotalPageFile size 31083M (AvailPageFile size 100M)
current process WorkingSet (physical memory assigned to process): 12M, peak: 12M
current process commit charge ("private bytes"): 64M, peak: 182M

vm_info: OpenJDK 64-Bit Server VM (21.0.6+-13368085-b895.109) for windows-amd64 JRE (21.0.6+-13368085-b895.109), built on 2025-04-16T17:01:31Z by "builder" with MS VC++ 16.10 / 16.11 (VS2019)

END.
